<?xml version="1.0" encoding="utf-8"?><testsuites><testsuite name="pytest" errors="0" failures="0" skipped="0" tests="1" time="0.430" timestamp="2024-09-26T11:22:05.427919" hostname="bb92638375ef"><testcase classname="tests.test_app.TestApplication" name="test_return_value" time="0.004" /></testsuite></testsuites>